// Jest Snapshot v1, https://goo.gl/fbAQLP

exports[`Page matches snapshot 1`] = `
<DocumentFragment>
  <div
    class="rounded-lg border bg-card text-card-foreground shadow-sm"
    data-testid="review-card"
  >
    <div
      class="p-4"
    >
      <div
        class="flex justify-between items-start"
      >
        <div>
          <p
            class="font-semibold"
          >
            yuta
          </p>
          <p
            class="text-sm text-gray-500"
          >
            座席: D15
          </p>
        </div>
        <div
          class="flex items-center space-x-2"
        >
          <div
            class="flex"
          >
            <svg
              class="lucide lucide-star h-5 w-5 text-yellow-400 fill-current"
              fill="none"
              height="24"
              stroke="currentColor"
              stroke-linecap="round"
              stroke-linejoin="round"
              stroke-width="2"
              viewBox="0 0 24 24"
              width="24"
              xmlns="http://www.w3.org/2000/svg"
            >
              <polygon
                points="12 2 15.09 8.26 22 9.27 17 14.14 18.18 21.02 12 17.77 5.82 21.02 7 14.14 2 9.27 8.91 8.26 12 2"
              />
            </svg>
            <svg
              class="lucide lucide-star h-5 w-5 text-gray-300"
              fill="none"
              height="24"
              stroke="currentColor"
              stroke-linecap="round"
              stroke-linejoin="round"
              stroke-width="2"
              viewBox="0 0 24 24"
              width="24"
              xmlns="http://www.w3.org/2000/svg"
            >
              <polygon
                points="12 2 15.09 8.26 22 9.27 17 14.14 18.18 21.02 12 17.77 5.82 21.02 7 14.14 2 9.27 8.91 8.26 12 2"
              />
            </svg>
            <svg
              class="lucide lucide-star h-5 w-5 text-gray-300"
              fill="none"
              height="24"
              stroke="currentColor"
              stroke-linecap="round"
              stroke-linejoin="round"
              stroke-width="2"
              viewBox="0 0 24 24"
              width="24"
              xmlns="http://www.w3.org/2000/svg"
            >
              <polygon
                points="12 2 15.09 8.26 22 9.27 17 14.14 18.18 21.02 12 17.77 5.82 21.02 7 14.14 2 9.27 8.91 8.26 12 2"
              />
            </svg>
            <svg
              class="lucide lucide-star h-5 w-5 text-gray-300"
              fill="none"
              height="24"
              stroke="currentColor"
              stroke-linecap="round"
              stroke-linejoin="round"
              stroke-width="2"
              viewBox="0 0 24 24"
              width="24"
              xmlns="http://www.w3.org/2000/svg"
            >
              <polygon
                points="12 2 15.09 8.26 22 9.27 17 14.14 18.18 21.02 12 17.77 5.82 21.02 7 14.14 2 9.27 8.91 8.26 12 2"
              />
            </svg>
            <svg
              class="lucide lucide-star h-5 w-5 text-gray-300"
              fill="none"
              height="24"
              stroke="currentColor"
              stroke-linecap="round"
              stroke-linejoin="round"
              stroke-width="2"
              viewBox="0 0 24 24"
              width="24"
              xmlns="http://www.w3.org/2000/svg"
            >
              <polygon
                points="12 2 15.09 8.26 22 9.27 17 14.14 18.18 21.02 12 17.77 5.82 21.02 7 14.14 2 9.27 8.91 8.26 12 2"
              />
            </svg>
          </div>
          <button
            aria-label="ブックマークに追加"
            class="inline-flex items-center justify-center whitespace-nowrap rounded-md text-sm font-medium ring-offset-background transition-colors focus-visible:outline-none focus-visible:ring-2 focus-visible:ring-ring focus-visible:ring-offset-2 disabled:pointer-events-none disabled:opacity-50 hover:bg-accent hover:text-accent-foreground h-10 w-10"
          >
            <svg
              class="lucide lucide-bookmark text-gray-500"
              fill="none"
              height="24"
              stroke="currentColor"
              stroke-linecap="round"
              stroke-linejoin="round"
              stroke-width="2"
              viewBox="0 0 24 24"
              width="24"
              xmlns="http://www.w3.org/2000/svg"
            >
              <path
                d="m19 21-7-4-7 4V5a2 2 0 0 1 2-2h10a2 2 0 0 1 2 2v16z"
              />
            </svg>
          </button>
        </div>
      </div>
      <p
        class="mt-2"
      >
        good
      </p>
    </div>
  </div>
</DocumentFragment>
`;
